<html>
<body>
<pre>
<h1>µVision Build Log</h1>
<h2>Project:</h2>
C:\Users\tonpr\Documents\CS1021-assembly\Lab.4.1.MatchTimer\Lab.4.1.MatchTimer\MatchTimer.uvproj
Project File Date:  03/31/2017

<h2>Output:</h2>
Rebuild target 'External SDRAM'
assembling MatchTimer.s...
linking...
Program Size: Code=1464 RO-data=32 RW-data=4 ZI-data=4364  
".\MatchTimer.axf" - 0 Error(s), 0 Warning(s).
</pre>
</body>
</html>
4  
".\MatchTimer.axf" - 0 Error(s), 1 Warning(s).
nexpected operator equal to or equivalent to =
".\MatchTimer.axf" - 3 Error(s), 0 Warning(s).
Target not created
".\MatchTimer.axf" - 4 Error(s), 0 Warning(s).
Target not created
