<html>
<body>
<pre>
<h1>µVision Build Log</h1>
<h2>Project:</h2>
C:\Users\tonpr\Documents\CS1021-assembly\Assignment.1.2.Blur\Assignment.1.2.MotionBlur\MotionBlur.uvproj
Project File Date:  03/02/2017

<h2>Output:</h2>
Rebuild target 'Simulator'
compiling font5x7.c...
compiling lcd_grph.c...
compiling lcd_hw.c...
compiling Retarget.c...
compiling Serial.c...
assembling LPC2400.s...
compiling main.c...
assembling MotionBlur.s...
linking...
Program Size: Code=7496 RO-data=808 RW-data=18144 ZI-data=311560  
".\MotionBlur.axf" - 0 Error(s), 0 Warning(s).
</pre>
</body>
</html>
