


ARM Macro Assembler    Page 1 


    1 00000000                 AREA             AsciiAdd, CODE, READONLY
    2 00000000                 IMPORT           main
    3 00000000                 EXPORT           start
    4 00000000         
    5 00000000         start
    6 00000000 E3A01032        LDR              R1, ='2'    ; R1 = 0x32 (ASCII 
                                                            symbol '2')
    7 00000004 E3A02034        LDR              R2, ='4'    ; R2 = 0x34 (ASCII 
                                                            symbol '4') 
    8 00000008 E3A03030        LDR              R3, ='0'    ;Loading ascii symb
                                                            ol 0 into R3
    9 0000000C         
   10 0000000C E0411003        SUB              R1,     R1,     R3 ;This proces
                                                            s converts the asci
                                                            i code
   11 00000010 E0422003        SUB              R2,     R2,     R3 ;to its deci
                                                            mal equivalent
   12 00000014 E0810002        ADD              R0,     R1,     R2 ;adds both d
                                                            ecimals together
   13 00000018 E0800003        ADD              R0,     R0,     R3 ;Converts ba
                                                            ck to ascii
   14 0000001C         
   15 0000001C EAFFFFFE 
                       stop    B                stop
   16 00000020         
   17 00000020                 END
Command Line: --debug --xref --apcs=interwork --depend=.\asciiadd.d -o.\asciiad
d.o -IC:\Keil\ARM\RV31\INC -IC:\Keil\ARM\CMSIS\Include -IC:\Keil\ARM\Inc\Philip
s --predefine="__EVAL SETA 1" --predefine="__MICROLIB SETA 1" --predefine="NO_C
LOCK_SETUP SETA 1" --predefine="NO_EMC_SETUP SETA 1" --predefine="RAM_INTVEC SE
TA 1" --predefine="RAM_MODE SETA 1" --predefine="REMAP SETA 1" --list=.\asciiad
d.lst AsciiAdd.s



ARM Macro Assembler    Page 1 Alphabetic symbol ordering
Relocatable symbols

AsciiAdd 00000000

Symbol: AsciiAdd
   Definitions
      At line 1 in file AsciiAdd.s
   Uses
      None
Comment: AsciiAdd unused
start 00000000

Symbol: start
   Definitions
      At line 5 in file AsciiAdd.s
   Uses
      At line 3 in file AsciiAdd.s
Comment: start used once
stop 0000001C

Symbol: stop
   Definitions
      At line 15 in file AsciiAdd.s
   Uses
      At line 15 in file AsciiAdd.s
Comment: stop used once
3 symbols



ARM Macro Assembler    Page 1 Alphabetic symbol ordering
External symbols

main 00000000

Symbol: main
   Definitions
      At line 2 in file AsciiAdd.s
   Uses
      None
Comment: main unused
1 symbol
341 symbols in table
